// Vitest Snapshot v1, https://vitest.dev/guide/snapshot.html

exports[`parseSeedCsv on the real Mesocycle 9 fixture > full parse output snapshot (guards against silent column drift) 1`] = `
[
  {
    "createdAt": 0,
    "days": [
      {
        "dayOfWeek": 0,
        "exercises": [
          {
            "description": "",
            "id": "w1d0e0",
            "name": "shoulder warmup",
            "prevWeightText": "",
            "setReps": [
              null,
              null,
              null,
            ],
            "sourceId": null,
            "weightText": "",
          },
          {
            "description": "4 sets × 5–8 reps",
            "id": "w1d0e1",
            "name": "Barbell Bench Press",
            "prevWeightText": "15+15",
            "setReps": [
              8,
              8,
              8,
              null,
            ],
            "sourceId": null,
            "weightText": "12.5+12.5",
          },
          {
            "description": "3 sets × 6–10 reps",
            "id": "w1d0e2",
            "name": "dips",
            "prevWeightText": "5",
            "setReps": [
              10,
              10,
              9,
            ],
            "sourceId": null,
            "weightText": "0",
          },
          {
            "description": "3 sets × 8–12 reps",
            "id": "w1d0e3",
            "name": "tricep overhead extn (db)",
            "prevWeightText": "5",
            "setReps": [
              12,
              12,
              12,
            ],
            "sourceId": null,
            "weightText": "5",
          },
          {
            "description": "3 sets × 6–10 reps",
            "id": "w1d0e4",
            "name": "barbell overhead press",
            "prevWeightText": "7.5+7.5",
            "setReps": [
              10,
              10,
              10,
            ],
            "sourceId": null,
            "weightText": "5+5 medium barbell",
          },
          {
            "description": "3 sets × 10–15 reps",
            "id": "w1d0e5",
            "name": "peck deck",
            "prevWeightText": "",
            "setReps": [
              null,
              null,
              null,
            ],
            "sourceId": null,
            "weightText": "",
          },
          {
            "description": "2–3 sets",
            "id": "w1d0e6",
            "name": "forearm",
            "prevWeightText": "",
            "setReps": [
              null,
              null,
              null,
            ],
            "sourceId": null,
            "weightText": "",
          },
        ],
        "split": "Push",
      },
      {
        "dayOfWeek": 1,
        "exercises": [
          {
            "description": "",
            "id": "w1d1e7",
            "name": "shoulder warmup",
            "prevWeightText": "",
            "setReps": [
              null,
              null,
              null,
            ],
            "sourceId": null,
            "weightText": "",
          },
          {
            "description": "3 sets x 6-8 reps",
            "id": "w1d1e8",
            "name": "pullups",
            "prevWeightText": "",
            "setReps": [
              5,
              4,
              3,
            ],
            "sourceId": null,
            "weightText": "",
          },
          {
            "description": "2 set × 8–12 reps",
            "id": "w1d1e9",
            "name": "Lat pulldown",
            "prevWeightText": "30",
            "setReps": [
              12,
              11,
            ],
            "sourceId": null,
            "weightText": "35",
          },
          {
            "description": "3 sets × 6–10 reps",
            "id": "w1d1e10",
            "name": "Seated rows",
            "prevWeightText": "",
            "setReps": [
              null,
              null,
              null,
            ],
            "sourceId": null,
            "weightText": "",
          },
          {
            "description": "3 sets × 8–12",
            "id": "w1d1e11",
            "name": "hammer curl",
            "prevWeightText": "7.5",
            "setReps": [
              12,
              12,
              12,
            ],
            "sourceId": null,
            "weightText": "7.5",
          },
          {
            "description": "3 sets × 12–15",
            "id": "w1d1e12",
            "name": "facepulls",
            "prevWeightText": "",
            "setReps": [
              null,
              null,
              null,
            ],
            "sourceId": null,
            "weightText": "",
          },
          {
            "description": "3 sets × 10–15",
            "id": "w1d1e13",
            "name": "barbell Curls (ezbar)",
            "prevWeightText": "2.5+2.5",
            "setReps": [
              null,
              null,
              null,
            ],
            "sourceId": null,
            "weightText": "",
          },
          {
            "description": "3 sets × 15–20",
            "id": "w1d1e14",
            "name": "machine Lateral Raise",
            "prevWeightText": "5+5",
            "setReps": [
              19,
              18,
              18,
            ],
            "sourceId": null,
            "weightText": "5+5",
          },
        ],
        "split": "Pull",
      },
      {
        "dayOfWeek": 2,
        "exercises": [
          {
            "description": "3 × 8–12",
            "id": "w1d2e15",
            "name": "dumbbel rdl",
            "prevWeightText": "15+15",
            "setReps": [
              12,
              12,
              12,
            ],
            "sourceId": null,
            "weightText": "15+15",
          },
          {
            "description": "3 × 6–10",
            "id": "w1d2e16",
            "name": "Hack Squat",
            "prevWeightText": "7.5+7.5",
            "setReps": [
              10,
              9,
              8,
            ],
            "sourceId": null,
            "weightText": "7.5+7.5",
          },
          {
            "description": "3 × 8–12",
            "id": "w1d2e17",
            "name": "Leg press",
            "prevWeightText": "",
            "setReps": [
              null,
              null,
              null,
            ],
            "sourceId": null,
            "weightText": "",
          },
          {
            "description": "ab crunches",
            "id": "w1d2e18",
            "name": "dragon flags (abs)",
            "prevWeightText": "7.5kg, 2nd groove",
            "setReps": [
              15,
              15,
              15,
            ],
            "sourceId": null,
            "weightText": "7.5kg, 2nd grrove",
          },
          {
            "description": "3 × 10–15",
            "id": "w1d2e19",
            "name": "Calf Raises",
            "prevWeightText": "",
            "setReps": [
              null,
              null,
              null,
            ],
            "sourceId": null,
            "weightText": "",
          },
          {
            "description": "2 × 12–20 lateral + same reps front",
            "id": "w1d2e20",
            "name": "db lateral raise + front raise (superset)",
            "prevWeightText": "",
            "setReps": [
              null,
              null,
            ],
            "sourceId": null,
            "weightText": "",
          },
          {
            "description": "2–3 sets",
            "id": "w1d2e21",
            "name": "forearm",
            "prevWeightText": "",
            "setReps": [
              null,
              null,
              null,
            ],
            "sourceId": null,
            "weightText": "",
          },
        ],
        "split": "Legs",
      },
      {
        "dayOfWeek": 3,
        "exercises": [
          {
            "description": "",
            "id": "w1d3e22",
            "name": "shoulder warmup",
            "prevWeightText": "",
            "setReps": [
              null,
              null,
              null,
            ],
            "sourceId": null,
            "weightText": "",
          },
          {
            "description": "4 × 6–10",
            "id": "w1d3e23",
            "name": "Incline Machine Press",
            "prevWeightText": "12.5+12.5",
            "setReps": [
              null,
              null,
              null,
              null,
            ],
            "sourceId": null,
            "weightText": "",
          },
          {
            "description": "1 set + 1 set + 1 set x 10–15 reps",
            "id": "w1d3e24",
            "name": "Cable Flies (lower, middle, uppper)",
            "prevWeightText": "10+10",
            "setReps": [
              null,
              null,
              null,
            ],
            "sourceId": null,
            "weightText": "",
          },
          {
            "description": "3 × 12–20",
            "id": "w1d3e25",
            "name": "cable Lateral Raise",
            "prevWeightText": "",
            "setReps": [
              null,
              null,
              null,
            ],
            "sourceId": null,
            "weightText": "",
          },
          {
            "description": "3 × 10–15",
            "id": "w1d3e26",
            "name": "Peck deck",
            "prevWeightText": "",
            "setReps": [
              null,
              null,
              null,
            ],
            "sourceId": null,
            "weightText": "",
          },
          {
            "description": "3 × 10–15",
            "id": "w1d3e27",
            "name": "Tricep pushdown",
            "prevWeightText": "",
            "setReps": [
              null,
              null,
              null,
            ],
            "sourceId": null,
            "weightText": "",
          },
          {
            "description": "",
            "id": "w1d3e28",
            "name": "forearm",
            "prevWeightText": "",
            "setReps": [
              null,
              null,
              null,
            ],
            "sourceId": null,
            "weightText": "",
          },
        ],
        "split": "Push",
      },
      {
        "dayOfWeek": 4,
        "exercises": [
          {
            "description": "",
            "id": "w1d4e29",
            "name": "shoulder warmup",
            "prevWeightText": "",
            "setReps": [
              null,
              null,
              null,
            ],
            "sourceId": null,
            "weightText": "",
          },
          {
            "description": "3 sets x 6-8 reps",
            "id": "w1d4e30",
            "name": "pullups (descending part reps)",
            "prevWeightText": "",
            "setReps": [
              null,
              null,
              null,
            ],
            "sourceId": null,
            "weightText": "",
          },
          {
            "description": "2 × 8–12",
            "id": "w1d4e31",
            "name": "kneeling Lat pulldown",
            "prevWeightText": "",
            "setReps": [
              null,
              null,
            ],
            "sourceId": null,
            "weightText": "",
          },
          {
            "description": "3 × 8–12",
            "id": "w1d4e32",
            "name": "hammer curl (touch)",
            "prevWeightText": "7.5",
            "setReps": [
              null,
              null,
              null,
            ],
            "sourceId": null,
            "weightText": "",
          },
          {
            "description": "4 × 6–10",
            "id": "w1d4e33",
            "name": "Chest supported row",
            "prevWeightText": "",
            "setReps": [
              null,
              null,
              null,
              null,
            ],
            "sourceId": null,
            "weightText": "",
          },
          {
            "description": "2 × 8–12",
            "id": "w1d4e34",
            "name": "Incline bench bicep Curls",
            "prevWeightText": "",
            "setReps": [
              null,
              null,
            ],
            "sourceId": null,
            "weightText": "",
          },
          {
            "description": "3 × 8–12",
            "id": "w1d4e35",
            "name": "Barbell shrugs (wide grip)",
            "prevWeightText": "",
            "setReps": [
              null,
              null,
              null,
            ],
            "sourceId": null,
            "weightText": "",
          },
          {
            "description": "2 sets x 10-15",
            "id": "w1d4e36",
            "name": "Hyperextension",
            "prevWeightText": "",
            "setReps": [
              null,
              null,
            ],
            "sourceId": null,
            "weightText": "",
          },
          {
            "description": "3 × 12–20",
            "id": "w1d4e37",
            "name": "rear delt crossover/flies",
            "prevWeightText": "",
            "setReps": [
              null,
              null,
              null,
            ],
            "sourceId": null,
            "weightText": "",
          },
        ],
        "split": "Pull",
      },
      {
        "dayOfWeek": 5,
        "exercises": [
          {
            "description": "2 × 8–12",
            "id": "w1d5e38",
            "name": "barbell rdl",
            "prevWeightText": "15+15",
            "setReps": [
              12,
              12,
              12,
            ],
            "sourceId": null,
            "weightText": "5+5, large barbell",
          },
          {
            "description": "4 × 5–8",
            "id": "w1d5e39",
            "name": "Barbell Squat",
            "prevWeightText": "15+15",
            "setReps": [
              8,
              8,
              8,
              8,
            ],
            "sourceId": null,
            "weightText": "12.5+12.5, large barbell",
          },
          {
            "description": "3 × 10–15",
            "id": "w1d5e40",
            "name": "Leg extension",
            "prevWeightText": "",
            "setReps": [
              null,
              null,
              null,
            ],
            "sourceId": null,
            "weightText": "",
          },
          {
            "description": "yoga mat ab crunches",
            "id": "w1d5e41",
            "name": "dragon flags (abs)",
            "prevWeightText": "7.5kg, second groove",
            "setReps": [
              15,
              14,
              10,
            ],
            "sourceId": null,
            "weightText": "0",
          },
          {
            "description": "4 × 10–15",
            "id": "w1d5e42",
            "name": "Calf Raises",
            "prevWeightText": "",
            "setReps": [
              null,
              null,
              null,
              null,
            ],
            "sourceId": null,
            "weightText": "",
          },
          {
            "description": "3 × 12–20 lateral + same reps front",
            "id": "w1d5e43",
            "name": "db lateral raise + front raise (superset)",
            "prevWeightText": "",
            "setReps": [
              20,
              20,
              20,
            ],
            "sourceId": null,
            "weightText": "5+5",
          },
          {
            "description": "2–3 sets",
            "id": "w1d5e44",
            "name": "forearm",
            "prevWeightText": "",
            "setReps": [
              null,
              null,
              null,
            ],
            "sourceId": null,
            "weightText": "",
          },
        ],
        "split": "Legs",
      },
      {
        "dayOfWeek": 6,
        "exercises": [],
        "split": "Rest",
      },
    ],
    "id": "2026-07-06",
    "mesoNumber": 9,
    "prevWeekId": null,
    "startDate": "2026-07-06",
    "updatedAt": 0,
    "weekNumber": 1,
  },
  {
    "createdAt": 0,
    "days": [
      {
        "dayOfWeek": 0,
        "exercises": [
          {
            "description": "",
            "id": "w2d0e0",
            "name": "shoulder warmup",
            "prevWeightText": "",
            "setReps": [
              null,
              null,
              null,
            ],
            "sourceId": "w1d0e0",
            "weightText": "",
          },
          {
            "description": "4 sets × 5–8 reps",
            "id": "w2d0e1",
            "name": "Barbell Bench Press",
            "prevWeightText": "12.5+12.5",
            "setReps": [
              6,
              6,
              6,
              null,
            ],
            "sourceId": "w1d0e1",
            "weightText": "15+15",
          },
          {
            "description": "3 sets × 6–10 reps",
            "id": "w2d0e2",
            "name": "dips",
            "prevWeightText": "0",
            "setReps": [
              10,
              10,
              10,
            ],
            "sourceId": "w1d0e2",
            "weightText": "0",
          },
          {
            "description": "3 sets × 8–12 reps",
            "id": "w2d0e3",
            "name": "tricep overhead extn (db)",
            "prevWeightText": "5",
            "setReps": [
              null,
              null,
              null,
            ],
            "sourceId": "w1d0e3",
            "weightText": "",
          },
          {
            "description": "3 sets × 6–10 reps",
            "id": "w2d0e4",
            "name": "barbell overhead press",
            "prevWeightText": "5+5 medium barbell",
            "setReps": [
              null,
              null,
              null,
            ],
            "sourceId": "w1d0e4",
            "weightText": "",
          },
          {
            "description": "3 sets × 10–15 reps",
            "id": "w2d0e5",
            "name": "peck deck",
            "prevWeightText": "",
            "setReps": [
              null,
              null,
              null,
            ],
            "sourceId": "w1d0e5",
            "weightText": "",
          },
          {
            "description": "2–3 sets",
            "id": "w2d0e6",
            "name": "forearm",
            "prevWeightText": "",
            "setReps": [
              null,
              null,
              null,
            ],
            "sourceId": "w1d0e6",
            "weightText": "",
          },
        ],
        "split": "Push",
      },
      {
        "dayOfWeek": 1,
        "exercises": [
          {
            "description": "",
            "id": "w2d1e7",
            "name": "shoulder warmup",
            "prevWeightText": "",
            "setReps": [
              null,
              null,
              null,
            ],
            "sourceId": "w1d1e7",
            "weightText": "",
          },
          {
            "description": "3 sets x 6-8 reps (neutral, supinated, jumping pronated)",
            "id": "w2d1e8",
            "name": "pullups",
            "prevWeightText": "",
            "setReps": [
              5,
              3,
              8,
            ],
            "sourceId": "w1d1e8",
            "weightText": "",
          },
          {
            "description": "2 set × 8–12 reps",
            "id": "w2d1e9",
            "name": "Lat pulldown",
            "prevWeightText": "35",
            "setReps": [
              null,
              null,
            ],
            "sourceId": "w1d1e9",
            "weightText": "",
          },
          {
            "description": "3 sets × 6–10 reps",
            "id": "w2d1e10",
            "name": "Seated rows",
            "prevWeightText": "",
            "setReps": [
              null,
              null,
              null,
            ],
            "sourceId": "w1d1e10",
            "weightText": "",
          },
          {
            "description": "3 sets × 8–12",
            "id": "w2d1e11",
            "name": "hammer curl",
            "prevWeightText": "7.5",
            "setReps": [
              12,
              12,
              12,
            ],
            "sourceId": "w1d1e11",
            "weightText": "10",
          },
          {
            "description": "3 sets × 12–15",
            "id": "w2d1e12",
            "name": "facepulls",
            "prevWeightText": "",
            "setReps": [
              null,
              null,
              null,
            ],
            "sourceId": "w1d1e12",
            "weightText": "",
          },
          {
            "description": "3 sets × 10–15",
            "id": "w2d1e13",
            "name": "barbell Curls (ezbar)",
            "prevWeightText": "2.5+2.5",
            "setReps": [
              15,
              15,
              10,
            ],
            "sourceId": "w1d1e13",
            "weightText": "25",
          },
          {
            "description": "3 sets × 15–20",
            "id": "w2d1e14",
            "name": "machine Lateral Raise",
            "prevWeightText": "5+5",
            "setReps": [
              null,
              null,
              null,
            ],
            "sourceId": "w1d1e14",
            "weightText": "",
          },
        ],
        "split": "Pull",
      },
      {
        "dayOfWeek": 2,
        "exercises": [
          {
            "description": "3 × 8–12",
            "id": "w2d2e15",
            "name": "barbell rdl",
            "prevWeightText": "15+15",
            "setReps": [
              12,
              12,
              12,
            ],
            "sourceId": null,
            "weightText": "7.5+7.5",
          },
          {
            "description": "3 × 6–10",
            "id": "w2d2e16",
            "name": "Hack Squat",
            "prevWeightText": "7.5+7.5",
            "setReps": [
              10,
              10,
              10,
            ],
            "sourceId": "w1d2e16",
            "weightText": "7.5+7.5",
          },
          {
            "description": "3 × 8–12",
            "id": "w2d2e17",
            "name": "Leg press",
            "prevWeightText": "",
            "setReps": [
              null,
              null,
              null,
            ],
            "sourceId": "w1d2e17",
            "weightText": "",
          },
          {
            "description": "yoga mat ab crunches",
            "id": "w2d2e18",
            "name": "dragon flags (abs)",
            "prevWeightText": "7.5kg, 2nd grrove",
            "setReps": [
              15,
              15,
              15,
            ],
            "sourceId": "w1d2e18",
            "weightText": "0",
          },
          {
            "description": "3 × 10–15",
            "id": "w2d2e19",
            "name": "Calf Raises",
            "prevWeightText": "",
            "setReps": [
              null,
              null,
              null,
            ],
            "sourceId": "w1d2e19",
            "weightText": "",
          },
          {
            "description": "2 × 12–20 lateral + same reps front",
            "id": "w2d2e20",
            "name": "db lateral raise + front raise (superset)",
            "prevWeightText": "",
            "setReps": [
              18,
              20,
            ],
            "sourceId": "w1d2e20",
            "weightText": "5+5",
          },
          {
            "description": "2–3 sets",
            "id": "w2d2e21",
            "name": "forearm",
            "prevWeightText": "",
            "setReps": [
              null,
              null,
              null,
            ],
            "sourceId": "w1d2e21",
            "weightText": "",
          },
        ],
        "split": "Legs",
      },
      {
        "dayOfWeek": 3,
        "exercises": [
          {
            "description": "",
            "id": "w2d3e22",
            "name": "shoulder warmup",
            "prevWeightText": "",
            "setReps": [
              null,
              null,
              null,
            ],
            "sourceId": "w1d3e22",
            "weightText": "",
          },
          {
            "description": "4 × 6–10",
            "id": "w2d3e23",
            "name": "Incline Machine Press",
            "prevWeightText": "12.5+12.5",
            "setReps": [
              null,
              null,
              null,
              null,
            ],
            "sourceId": "w1d3e23",
            "weightText": "",
          },
          {
            "description": "1 set + 1 set + 1 set x 10–15 reps",
            "id": "w2d3e24",
            "name": "Cable Flies (lower, middle, uppper)",
            "prevWeightText": "10+10",
            "setReps": [
              null,
              null,
              null,
            ],
            "sourceId": "w1d3e24",
            "weightText": "",
          },
          {
            "description": "3 × 12–20",
            "id": "w2d3e25",
            "name": "cable Lateral Raise",
            "prevWeightText": "",
            "setReps": [
              null,
              null,
              null,
            ],
            "sourceId": "w1d3e25",
            "weightText": "",
          },
          {
            "description": "3 × 10–15",
            "id": "w2d3e26",
            "name": "Peck deck",
            "prevWeightText": "",
            "setReps": [
              null,
              null,
              null,
            ],
            "sourceId": "w1d3e26",
            "weightText": "",
          },
          {
            "description": "3 × 10–15",
            "id": "w2d3e27",
            "name": "Tricep pushdown",
            "prevWeightText": "",
            "setReps": [
              null,
              null,
              null,
            ],
            "sourceId": "w1d3e27",
            "weightText": "",
          },
          {
            "description": "",
            "id": "w2d3e28",
            "name": "forearm",
            "prevWeightText": "",
            "setReps": [
              null,
              null,
              null,
            ],
            "sourceId": "w1d3e28",
            "weightText": "",
          },
        ],
        "split": "Push",
      },
      {
        "dayOfWeek": 4,
        "exercises": [
          {
            "description": "",
            "id": "w2d4e29",
            "name": "shoulder warmup",
            "prevWeightText": "",
            "setReps": [
              null,
              null,
              null,
            ],
            "sourceId": "w1d4e29",
            "weightText": "",
          },
          {
            "description": "3 sets x 6-8 reps",
            "id": "w2d4e30",
            "name": "pullups (descending part reps)",
            "prevWeightText": "",
            "setReps": [
              null,
              null,
              null,
            ],
            "sourceId": "w1d4e30",
            "weightText": "",
          },
          {
            "description": "2 × 8–12",
            "id": "w2d4e31",
            "name": "kneeling Lat pulldown",
            "prevWeightText": "",
            "setReps": [
              null,
              null,
            ],
            "sourceId": "w1d4e31",
            "weightText": "",
          },
          {
            "description": "3 × 8–12",
            "id": "w2d4e32",
            "name": "hammer curl (touch)",
            "prevWeightText": "7.5",
            "setReps": [
              null,
              null,
              null,
            ],
            "sourceId": "w1d4e32",
            "weightText": "",
          },
          {
            "description": "4 × 6–10",
            "id": "w2d4e33",
            "name": "Chest supported row",
            "prevWeightText": "",
            "setReps": [
              null,
              null,
              null,
              null,
            ],
            "sourceId": "w1d4e33",
            "weightText": "",
          },
          {
            "description": "2 × 8–12",
            "id": "w2d4e34",
            "name": "Incline bench bicep Curls",
            "prevWeightText": "",
            "setReps": [
              null,
              null,
            ],
            "sourceId": "w1d4e34",
            "weightText": "",
          },
          {
            "description": "3 × 8–12",
            "id": "w2d4e35",
            "name": "Barbell shrugs (wide grip)",
            "prevWeightText": "",
            "setReps": [
              null,
              null,
              null,
            ],
            "sourceId": "w1d4e35",
            "weightText": "",
          },
          {
            "description": "2 sets x 10-15",
            "id": "w2d4e36",
            "name": "Hyperextension",
            "prevWeightText": "",
            "setReps": [
              null,
              null,
            ],
            "sourceId": "w1d4e36",
            "weightText": "",
          },
          {
            "description": "3 × 12–20",
            "id": "w2d4e37",
            "name": "rear delt crossover/flies",
            "prevWeightText": "",
            "setReps": [
              null,
              null,
              null,
            ],
            "sourceId": "w1d4e37",
            "weightText": "",
          },
        ],
        "split": "Pull",
      },
      {
        "dayOfWeek": 5,
        "exercises": [
          {
            "description": "2 × 8–12",
            "id": "w2d5e38",
            "name": "barbell rdl",
            "prevWeightText": "5+5, large barbell",
            "setReps": [
              null,
              null,
            ],
            "sourceId": "w1d5e38",
            "weightText": "",
          },
          {
            "description": "4 × 5–8",
            "id": "w2d5e39",
            "name": "Barbell Squat",
            "prevWeightText": "12.5+12.5, large barbell",
            "setReps": [
              null,
              null,
              null,
              null,
            ],
            "sourceId": "w1d5e39",
            "weightText": "",
          },
          {
            "description": "3 × 10–15",
            "id": "w2d5e40",
            "name": "Leg extension",
            "prevWeightText": "",
            "setReps": [
              null,
              null,
              null,
            ],
            "sourceId": "w1d5e40",
            "weightText": "",
          },
          {
            "description": "yoga mat ab crunches",
            "id": "w2d5e41",
            "name": "dragon flags (abs)",
            "prevWeightText": "0",
            "setReps": [
              null,
              null,
              null,
            ],
            "sourceId": "w1d5e41",
            "weightText": "",
          },
          {
            "description": "4 × 10–15",
            "id": "w2d5e42",
            "name": "Calf Raises",
            "prevWeightText": "",
            "setReps": [
              null,
              null,
              null,
              null,
            ],
            "sourceId": "w1d5e42",
            "weightText": "",
          },
          {
            "description": "3 × 12–20 lateral + same reps front",
            "id": "w2d5e43",
            "name": "db lateral raise + front raise (superset)",
            "prevWeightText": "5+5",
            "setReps": [
              null,
              null,
              null,
            ],
            "sourceId": "w1d5e43",
            "weightText": "",
          },
          {
            "description": "2–3 sets",
            "id": "w2d5e44",
            "name": "forearm",
            "prevWeightText": "",
            "setReps": [
              null,
              null,
              null,
            ],
            "sourceId": "w1d5e44",
            "weightText": "",
          },
        ],
        "split": "Legs",
      },
      {
        "dayOfWeek": 6,
        "exercises": [],
        "split": "Rest",
      },
    ],
    "id": "2026-07-13",
    "mesoNumber": 9,
    "prevWeekId": "2026-07-06",
    "startDate": "2026-07-13",
    "updatedAt": 0,
    "weekNumber": 2,
  },
]
`;
